[englishwithlucy.co.uk/phonemic-chart/index.html]
[backblue.gif]
[fade.gif]
[index.html]
[englishwithlucy.co.uk/wp-includes/css/dist/block-library/style.minf049.css]
[englishwithlucy.co.uk/wp-content/plugins/convertkit/resources/frontend/css/broadcastsab84.css]
[englishwithlucy.co.uk/wp-content/plugins/contact-form-7/includes/css/styles40df.css]
[englishwithlucy.co.uk/wp-content/plugins/quiz-maker/public/css/quiz-maker-public8dfe.css]
[englishwithlucy.co.uk/wp-content/themes/wp-english-lucy/inc/assets/css/bootstrap.minf049.css]
[englishwithlucy.co.uk/wp-content/themes/wp-english-lucy/inc/assets/css/fontawesome.minf049.css]
[englishwithlucy.co.uk/wp-content/themes/wp-english-lucy/stylef488.css]
[englishwithlucy.co.uk/wp-includes/js/jquery/jquery.minaf6c.js]
[englishwithlucy.co.uk/wp-includes/js/jquery/jquery-migrate.mind617.js]
[englishwithlucy.ck.page/1eacedad73/index.js]
[englishwithlucy.co.uk/wp-content/themes/wp-english-lucy/inc/assets/images/splash7.png]
[englishwithlucy.co.uk/wp-content/themes/wp-english-lucy/inc/assets/images/splash8.png]
[englishwithlucy.co.uk/wp-content/themes/wp-english-lucy/inc/assets/images/splash9.png]
[englishwithlucy.co.uk/wp-content/plugins/convertkit/resources/frontend/js/broadcastsab84.js]
[englishwithlucy.co.uk/wp-includes/js/dist/vendor/regenerator-runtime.min3937.js]
[englishwithlucy.co.uk/wp-includes/js/dist/vendor/wp-polyfill.min2c7c.js]
[englishwithlucy.co.uk/wp-content/plugins/contact-form-7/includes/js/index40df.js]
[englishwithlucy.co.uk/wp-content/plugins/convertkit/resources/frontend/js/convertkitab84.js]
[englishwithlucy.co.uk/wp-content/themes/wp-english-lucy/inc/assets/js/popper.minf049.js]
[englishwithlucy.co.uk/wp-content/themes/wp-english-lucy/inc/assets/js/bootstrap.minf049.js]
[englishwithlucy.co.uk/wp-content/themes/wp-english-lucy/inc/assets/js/theme-script.minf049.js]
[englishwithlucy.co.uk/wp-content/themes/wp-english-lucy/inc/assets/js/skip-link-focus-fix.min4a7d.js]
[englishwithlucy.co.uk/phonemic-chart/index.html]
[englishwithlucy.co.uk/wp-includes/css/dist/block-library/style.minf049.css]
[englishwithlucy.co.uk/wp-content/themes/wp-english-lucy/inc/assets/js/customf049.js]
[englishwithlucy.co.uk/wp-content/plugins/convertkit/resources/frontend/images/spinner.gif]
[englishwithlucy.co.uk/wp-content/plugins/convertkit/resources/frontend/css/broadcastsab84.css]
[englishwithlucy.co.uk/wp-content/plugins/contact-form-7/includes/css/styles40df.css]
[englishwithlucy.co.uk/wp-content/plugins/quiz-maker/public/images/correct.png]
[englishwithlucy.co.uk/wp-content/plugins/quiz-maker/public/images/wrong.png]
[englishwithlucy.co.uk/wp-content/plugins/quiz-maker/public/css/quiz-maker-public8dfe.css]
[englishwithlucy.co.uk/wp-content/themes/wp-english-lucy/inc/assets/css/bootstrap.minf049.css]
[englishwithlucy.co.uk/wp-content/themes/wp-english-lucy/inc/assets/css/fontawesome.minf049.css]
[englishwithlucy.co.uk/wp-content/themes/wp-english-lucy/inc/assets/fonts/Caroline.ttf]
[englishwithlucy.co.uk/wp-content/themes/wp-english-lucy/inc/assets/fonts/Caroline.woff]
[englishwithlucy.co.uk/wp-content/themes/wp-english-lucy/inc/assets/fonts/Caroline.otf]
[englishwithlucy.co.uk/wp-content/themes/wp-english-lucy/inc/assets/fonts/Voces-Regular.ttf]
[englishwithlucy.co.uk/wp-content/themes/wp-english-lucy/inc/assets/images/resource_bg.png]
[englishwithlucy.co.uk/wp-content/themes/wp-english-lucy/inc/assets/images/connect_bg.png]
[englishwithlucy.co.uk/wp-content/themes/wp-english-lucy/inc/assets/images/splash2.png]
[englishwithlucy.co.uk/wp-content/themes/wp-english-lucy/stylef488.css]
